---
source: src/ui/mod.rs
expression: buffer_text(&buf)
---
┏ kefctl ━━━━━━━┓┌ Source ─────────────────────────────────────────────────────┐
┃    Speakers   ┃│▸ ● Wi-Fi                                                    │
┃    Status     ┃│    Bluetooth                                                │
┃▸   Source     ┃│    TV (HDMI)                                                │
┃    EQ / DSP   ┃│    Optical                                                  │
┃    Settings   ┃│    Coaxial                                                  │
┃               ┃│    Analog                                                   │
┃               ┃│    USB                                                      │
┃               ┃│                                                             │
┃               ┃│                                                             │
┃               ┃│                                                             │
┃               ┃│                                                             │
┃               ┃│                                                             │
┃               ┃│                                                             │
┃               ┃│                                                             │
┃               ┃│                                                             │
┃               ┃│                                                             │
┃               ┃│                                                             │
┃               ┃│                                                             │
┃               ┃│                                                             │
┃               ┃│                                                             │
┃               ┃│                                                             │
┗━━━━━━━━━━━━━━━┛└─────────────────────────────────────────────────────────────┘
 ?  Help │  +/-  vol │  m  mute │  Tab  panel ● Living Room LSX II │ Source
