---
source: src/ui/mod.rs
expression: buffer_text(&buf)
---
┏ kefctl ━━━━━━━┓┌ Speaker Info ───────────────────────────────────────────────┐
┃▸   Status     ┃│  Name      Living Room LSX II                               │
┃    Source     ┃│  Model     LSX II                                           │
┃    EQ / DSP   ┃│  Firmware  4.3.1.0240                                       │
┃    Setti┌ Keybindings ─────────────────────────────────────────────┐         │
┃    Netwo│  Navigation                                              │         │
┃         │    Tab / Shift+Tab     Next / previous panel             │         │
┃         │    j / k  ↓ / ↑        Move down / up                    │         │
┃         │    h / ←               Focus sidebar / back              │         │
┃         │    l / → / Enter       Focus main panel / select         │         │
┃         │    Esc                 Back to sidebar                   │         │
┃         │                                                          │         │
┃         │  Volume                                                  │         │
┃         │    + / -               Volume up / down                  │         │
┃         │    m                   Toggle mute                       │─────────┘
┃         │                                                          │─────────┐
┃         │  Panels                                                  │         │
┃         │    Status              e to edit speaker name            │         │
┃         │    Source              j/k navigate, Enter to switch     │         │
┃         │    EQ / DSP            j/k navigate, ◂/▸ adjust values   │         │
┃         │    Settings            j/k navigate, h/l cycle options   │         │
┃         │                                                          │         │
┃         │  General                                                 │         │
┃         │    ?                   Show this help                    │         │
┃         │    q / Ctrl+c          Quit                              │         │
┃         └ ? or Esc to close ───────────────────────────────────────┘         │
┃               ┃│                                                             │
┃               ┃│                                                             │
┗━━━━━━━━━━━━━━━┛└─────────────────────────────────────────────────────────────┘
 ?  Help │  +/-  vol │  m  mute │  Tab  panel ● Living Room LSX II │ Status
