---
source: src/ui/mod.rs
expression: buffer_text(&buf)
---
┏ kefctl ━━━━━━━┓┌ Speakers ───────────────────────────────────────────────────┐
┃▸   Speakers   ┃│  Status: ● Connected                                        │
┃    Status     ┃│  IP: 192.168.50.17                                          │
┃    Source     ┃│  Name: Living Room LSX II                                   │
┃    EQ / DSP   ┃│  Available speakers:                                        │
┃    Settings   ┃│▸   ● Living Room LSX II  192.168.50.17:80                   │
┃               ┃│                                                             │
┃               ┃│                                                             │
┃               ┃│                                                             │
┃               ┃│                                                             │
┃               ┃│                                                             │
┃               ┃│                                                             │
┃               ┃│                                                             │
┃               ┃│                                                             │
┃               ┃│                                                             │
┃               ┃│                                                             │
┃               ┃│                                                             │
┃               ┃│                                                             │
┃               ┃│                                                             │
┃               ┃│                                                             │
┃               ┃│                                                             │
┃               ┃│                                                             │
┗━━━━━━━━━━━━━━━┛└─────────────────────────────────────────────────────────────┘
 ?  Help │  +/-  vol │  m  mute │  Tab  panel● Living Room LSX II │ Speakers
