---
source: src/ui/mod.rs
expression: buffer_text(&buf)
---
┏ kefctl ━━━━━━━┓┌ Settings ───────────────────────────────────────────────────┐
┃    Status     ┃│▸ Cable Mode       Wireless  ◂ ▸                             │
┃    Source     ┃│  Standby          60 minutes                                │
┃    EQ / DSP   ┃│  Max Volume       80                                        │
┃▸   Settings   ┃│  Front LED        ON                                        │
┃    Network    ┃│  Startup Tone     ON                                        │
┃               ┃│  ◂/▸ cycle   Enter confirm   Esc back                       │
┃               ┃│                                                             │
┃               ┃│                                                             │
┃               ┃│                                                             │
┃               ┃│                                                             │
┃               ┃│                                                             │
┃               ┃│                                                             │
┃               ┃│                                                             │
┃               ┃│                                                             │
┃               ┃│                                                             │
┃               ┃│                                                             │
┃               ┃│                                                             │
┃               ┃│                                                             │
┃               ┃│                                                             │
┃               ┃│                                                             │
┃               ┃│                                                             │
┗━━━━━━━━━━━━━━━┛└─────────────────────────────────────────────────────────────┘
 ?  Help │  Space  play/pause │  +/-  vol │  m  mute● Living Room LSX II │ Setti
