---
source: src/ui/mod.rs
expression: buffer_text(&buf)
---
┏ kefctl ━━━━━━━┓┌ Settings ───────────────────────────────────────────────────┐
┃    Status     ┃│▸ Standby          60 minutes  ◂ ▸                           │
┃    Source     ┃│  Max Volume       80                                        │
┃    EQ / DSP   ┃│  Front LED        ON                                        │
┃▸   Settings   ┃│  Startup Tone     ON                                        │
┃    Network    ┃│  Cable Mode       Wireless                                  │
┃               ┃│  Wake-Up Source   Default                                   │
┃               ┃│  App Analytics    ON                                        │
┃               ┃│                                                             │
┃               ┃│  ◂/▸ cycle   Esc back                                       │
┃               ┃│                                                             │
┃               ┃│                                                             │
┃               ┃│                                                             │
┃               ┃│                                                             │
┃               ┃│                                                             │
┃               ┃│                                                             │
┃               ┃│                                                             │
┃               ┃│                                                             │
┃               ┃│                                                             │
┃               ┃│                                                             │
┃               ┃│                                                             │
┃               ┃│                                                             │
┗━━━━━━━━━━━━━━━┛└─────────────────────────────────────────────────────────────┘
 ?  Help │  +/-  vol │  m  mute │  Tab  panel● Living Room LSX II │ Settings
